{"type": "nested", "key": "common", "children": [{"type": "added", "key": "follow", "value": false}, {"type": "unchanged", "key": "setting1", "value": "Value 1"}, {"type": "deleted", "key": "setting2", "value": 200}, {"type": "changed", "key": "setting3", "value1": true, "value2": null}, {"type": "added", "key": "setting4", "value": "blah blah"}, {"type": "added", "key": "setting5", "value": {"key5": "value5"}}, {"type": "nested", "key": "setting6", "children": [{"type": "nested", "key": "doge", "children": [{"type": "changed", "key": "wow", "value1": "", "value2": "so much"}]}, {"type": "unchanged", "key": "key", "value": "value"}, {"type": "added", "key": "ops", "value": "vops"}]}]}